2026-07-07 17:52:21,082 - INFO - ============================================================
2026-07-07 17:52:21,082 - INFO - 🚀 بدء تشغيل Data Cleaning Pipeline V3
2026-07-07 17:52:21,082 - INFO - ============================================================
2026-07-07 17:52:21,082 - INFO - 🔄 بدء تنظيف dim_date...
2026-07-07 17:52:21,090 - INFO - ✅ dim_date: نظيف (547 صف)
2026-07-07 17:52:21,090 - INFO - 🔄 بدء تنظيف dim_product...
2026-07-07 17:52:21,106 - INFO - ✅ dim_product: 800 → 800 صف
2026-07-07 17:52:21,106 - INFO - 🔄 بدء تنظيف dim_branch...
2026-07-07 17:52:21,122 - INFO - ✅ dim_branch: 6 → 5 صف
2026-07-07 17:52:21,122 - INFO - 🔄 بدء تنظيف dim_employee...
2026-07-07 17:52:21,130 - INFO - ✅ dim_employee: 126 → 123 صف
2026-07-07 17:52:21,138 - INFO - 🔄 بدء تنظيف fact_sales...
2026-07-07 17:52:21,275 - INFO - ✅ fact_sales: 51000 → 47500 صف
2026-07-07 17:52:21,275 - INFO - ============================================================
2026-07-07 17:52:21,275 - INFO - ✅ انتهى الـ Pipeline بنجاح!
2026-07-07 17:52:21,275 - INFO - ============================================================
2026-07-07 17:52:21,283 - INFO - 💾 تم حفظ cleaned_data_v3\cleaned_dim_date.csv
2026-07-07 17:52:21,299 - INFO - 💾 تم حفظ cleaned_data_v3\cleaned_dim_product.csv
2026-07-07 17:52:21,312 - INFO - 💾 تم حفظ cleaned_data_v3\cleaned_dim_branch.csv
2026-07-07 17:52:21,312 - INFO - 💾 تم حفظ cleaned_data_v3\cleaned_dim_employee.csv
2026-07-07 17:52:21,821 - INFO - 💾 تم حفظ cleaned_data_v3\cleaned_fact_sales.csv
